Microchip MPLAB XC8 Compiler V2.10 ()

Linker command line:

--edf=C:\Program Files (x86)\Microchip\xc8\v2.10\pic\dat\en_msgs.txt -cs \
  -h+dist/default/production\slave.X.production.sym \
  --cmf=dist/default/production\slave.X.production.cmf -z -Q16F887 \
  -oC:\Users\egman\AppData\Local\Temp\s9qo.2 --defsym=__MPLAB_BUILD=1 \
  -Mdist/default/production/slave.X.production.map -E1 -ver=XC8 \
  --acfsm=1493 -ASTACK=0110h-016Fh -pstack=STACK -ACODE=00h-07FFhx4 \
  -ASTRCODE=00h-01FFFh -ASTRING=00h-0FFhx32 -ACONST=00h-0FFhx32 \
  -AENTRY=00h-0FFhx32 -ACOMMON=070h-07Fh -ABANK0=020h-06Fh \
  -ABANK1=0A0h-0EFh -ABANK2=0110h-016Fh -ABANK3=0190h-01EFh \
  -ARAM=020h-06Fh,0A0h-0EFh,0110h-016Fh,0190h-01EFh \
  -AABS1=020h-07Fh,0A0h-0EFh,0110h-016Fh,0190h-01EFh -ASFR0=00h-01Fh \
  -ASFR1=080h-09Fh -ASFR2=0100h-010Fh -ASFR3=0180h-018Fh \
  -preset_vec=00h,intentry,init,end_init -ppowerup=CODE -pcinit=CODE \
  -pfunctab=ENTRY -ACONFIG=02007h-02008h -pconfig=CONFIG -DCONFIG=2 \
  -AIDLOC=02000h-02003h -pidloc=IDLOC -DIDLOC=2 -AEEDATA=00h-0FFh/02100h \
  -peeprom_data=EEDATA -DEEDATA=2 -DCODE=2 -DSTRCODE=2 -DSTRING=2 -DCONST=2 \
  -DENTRY=2 -k C:\Users\egman\AppData\Local\Temp\s9qo.o \
  dist/default/production\slave.X.production.o 

Object code version is 3.11

Machine type is 16F887



                Name                               Link     Load   Length Selector   Space Scale
C:\Users\egman\AppData\Local\Temp\s9qo.o
                end_init                              0        0        3        0       0
                config                             2007     2007        2     400E       0
dist/default/production\slave.X.production.o
                cinit                               7F3      7F3        D      FE6       0
                text17                               90       90       69      120       0
                text16                              FA7      FA7       59     1F4E       0
                text15                              ED3      ED3       18     1DA6       0
                text14                              EEB      EEB       19     1DD6       0
                text13                              F7A      F7A       2D     1EF4       0
                text12                              EA9      EA9       15     1D52       0
                text11                              EBE      EBE       15     1D7C       0
                text10                              F04      F04       1F     1E08       0
                text9                               F23      F23       2B     1E46       0
                text8                               5C9      5C9      22A      B92       0
                text7                               F4E      F4E       2C     1E9C       0
                text6                               3A2      3A2      227      744       0
                text5                                8A       8A        6      114       0
                text4                                F9       F9       9D      1F2       0
                text3                               196      196       DA      32C       0
                text2                               E99      E99        8     1D32       0
                text1                               E92      E92        7     1D24       0
                maintext                            270      270      132      4E0       0
                cstackBANK0                          3C       3C       1C       20       1
                cstackCOMMON                         70       70        E       70       1
                clrtext                             EA1      EA1        8     1D42       0
                bssBANK0                             20       20       1C       20       1
                strings                               3        3       87        6       0

TOTAL           Name                               Link     Load   Length     Space
        CLASS   STACK          

        CLASS   CODE           
                end_init                              0        0        3         0
                cinit                               7F3      7F3        D         0
                text17                               90       90       69         0
                text16                              FA7      FA7       59         0
                text15                              ED3      ED3       18         0
                text14                              EEB      EEB       19         0
                text13                              F7A      F7A       2D         0
                text12                              EA9      EA9       15         0
                text11                              EBE      EBE       15         0
                text10                              F04      F04       1F         0
                text9                               F23      F23       2B         0
                text8                               5C9      5C9      22A         0
                text7                               F4E      F4E       2C         0
                text6                               3A2      3A2      227         0
                text5                                8A       8A        6         0
                text4                                F9       F9       9D         0
                text3                               196      196       DA         0
                text2                               E99      E99        8         0
                text1                               E92      E92        7         0
                maintext                            270      270      132         0
                clrtext                             EA1      EA1        8         0

        CLASS   STRCODE        

        CLASS   STRING         
                strings                               3        3       87         0

        CLASS   CONST          

        CLASS   ENTRY          

        CLASS   COMMON         
                cstackCOMMON                         70       70        E         1

        CLASS   BANK0          
                cstackBANK0                          3C       3C       1C         1
                bssBANK0                             20       20       1C         1

        CLASS   BANK1          

        CLASS   BANK2          

        CLASS   BANK3          

        CLASS   RAM            

        CLASS   ABS1           
                abs_s1                               7E       7E        2         1

        CLASS   SFR0           

        CLASS   SFR1           

        CLASS   SFR2           

        CLASS   SFR3           

        CLASS   CONFIG         
                config                             2007     2007        2         0

        CLASS   IDLOC          

        CLASS   EEDATA         



SEGMENTS        Name                           Load    Length   Top    Selector   Space  Class     Delta

                reset_vec                      000000  000003  000003         0       0  CODE        2
                strings                        000003  000087  00008A         6       0  STRING      2
                bssBANK0                       000020  000038  000058        20       1  BANK0       1
                cstackCOMMON                   000070  00000E  00007E        70       1  COMMON      1
                text5                          00008A  000006  000090       114       0  CODE        2
                text17                         000090  000069  0000F9       120       0  CODE        2
                text4                          0000F9  00009D  000196       1F2       0  CODE        2
                text3                          000196  0000DA  000270       32C       0  CODE        2
                maintext                       000270  000132  0003A2       4E0       0  CODE        2
                text6                          0003A2  000227  0005C9       744       0  CODE        2
                text8                          0005C9  00022A  0007F3       B92       0  CODE        2
                cinit                          0007F3  00000D  000800       FE6       0  CODE        2
                text1                          000E92  000007  000E99      1D24       0  CODE        2
                text2                          000E99  000008  000EA1      1D32       0  CODE        2
                clrtext                        000EA1  000008  000EA9      1D42       0  CODE        2
                text12                         000EA9  000015  000EBE      1D52       0  CODE        2
                text11                         000EBE  000015  000ED3      1D7C       0  CODE        2
                text15                         000ED3  000018  000EEB      1DA6       0  CODE        2
                text14                         000EEB  000019  000F04      1DD6       0  CODE        2
                text10                         000F04  00001F  000F23      1E08       0  CODE        2
                text9                          000F23  00002B  000F4E      1E46       0  CODE        2
                text7                          000F4E  00002C  000F7A      1E9C       0  CODE        2
                text13                         000F7A  00002D  000FA7      1EF4       0  CODE        2
                text16                         000FA7  000059  001000      1F4E       0  CODE        2
                config                         002007  000002  002009      400E       0  CONFIG      2


UNUSED ADDRESS RANGES

        Name                Unused          Largest block    Delta
        BANK0            0058-006F             18           1
        BANK1            00A0-00EF             50           1
        BANK2            0110-016F             60           1
        BANK3            0190-01EF             60           1
        CODE             0800-0E91            692           2
                         1000-1FFF            800
        CONST            0800-0E91            100           2
                         1000-1FFF            100
        EEDATA           2100-21FF            100           2
        ENTRY            0800-0E91            100           2
                         1000-1FFF            100
        IDLOC            2000-2003              4           2
        RAM              0058-006F             18           1
                         00A0-00EF             50
                         0110-016F             60
                         0190-01EF             60
        SFR0             0000-001F             20           1
        SFR1             0080-009F             20           1
        SFR2             0100-010F             10           1
        SFR3             0180-018F             10           1
        STACK            0110-016F             60           1
        STRCODE          0800-0E91            692           2
                         1000-1FFF           1000
        STRING           0800-0E91            100           2
                         1000-1FFF            100

                                  Symbol Table

?___aldiv                 cstackCOMMON 0070
?___awdiv                 cstackCOMMON 0077
?___awmod                 cstackCOMMON 0070
Control@valor             cstackCOMMON 0077
FOTORESIS@centesimas      cstackBANK0  004D
FOTORESIS@coordenada      cstackBANK0  0054
FOTORESIS@decimas         cstackBANK0  004C
FOTORESIS@i               cstackBANK0  0050
FOTORESIS@numero          cstackBANK0  0045
FOTORESIS@result          cstackBANK0  0052
FOTORESIS@unidades        cstackBANK0  004B
FOTORESIS@valor           cstackBANK0  0053
ON@valor1                 cstackCOMMON 0075
POTENCIOMETRO@centesimas  cstackBANK0  004D
POTENCIOMETRO@coordenada  cstackBANK0  0054
POTENCIOMETRO@decimas     cstackBANK0  004C
POTENCIOMETRO@i           cstackBANK0  0050
POTENCIOMETRO@numero      cstackBANK0  0045
POTENCIOMETRO@result      cstackBANK0  0052
POTENCIOMETRO@unidades    cstackBANK0  004B
POTENCIOMETRO@valor       cstackBANK0  0053
UART_Init@baudrate        cstackBANK0  0042
UART_Init@x               cstackCOMMON 0079
_BRGH                     (abs)        04C2
_CONT                     bssBANK0     0034
_CREN                     (abs)        00C4
_Control                  text12       0EA9
_FOTO                     bssBANK0     0036
_FOTORESIS                text8        05C9
_FOTORESIS$886            cstackBANK0  004E
_LCDvalue                 text7        0F4E
_ON                       text11       0EBE
_OTRO                     bssBANK0     0032
_PORTB                    (abs)        0006
_PORTDbits                (abs)        0008
_POT                      bssBANK0     0038
_POTENCIOMETRO            text6        03A2
_POTENCIOMETRO$885        cstackBANK0  004E
_RCIF                     (abs)        0065
_RCREG                    (abs)        001A
_SPBRG                    (abs)        0099
_SPEN                     (abs)        00C7
_SYNC                     (abs)        04C4
_TRISB                    (abs)        0086
_TRISC6                   (abs)        043E
_TRISC7                   (abs)        043F
_TRISDbits                (abs)        0088
_TRMT                     (abs)        04C1
_TXEN                     (abs)        04C5
_TXREG                    (abs)        0019
_Tiempocontrol            text14       0EEB
_UART_Data_Ready          text5        008A
_UART_Init                text3        0196
_UART_Read                text2        0E99
__CFG_BOR4V$BOR40V        (abs)        0000
__CFG_BOREN$ON            (abs)        0000
__CFG_CP$OFF              (abs)        0000
__CFG_CPD$OFF             (abs)        0000
__CFG_FCMEN$OFF           (abs)        0000
__CFG_FOSC$INTRC_CLKOUT   (abs)        0000
__CFG_IESO$OFF            (abs)        0000
__CFG_LVP$OFF             (abs)        0000
__CFG_MCLRE$ON            (abs)        0000
__CFG_PWRTE$OFF           (abs)        0000
__CFG_WDTE$OFF            (abs)        0000
__CFG_WRT$OFF             (abs)        0000
__Habs1                   abs1         0000
__Hbank0                  bank0        0000
__Hbank1                  bank1        0000
__Hbank2                  bank2        0000
__Hbank3                  bank3        0000
__HbssBANK0               bssBANK0     0000
__Hcinit                  cinit        0800
__Hclrtext                clrtext      0000
__Hcode                   code         0000
__Hcommon                 common       0000
__Hconfig                 config       2009
__HcstackBANK0            cstackBANK0  0000
__HcstackCOMMON           cstackCOMMON 0000
__Heeprom_data            eeprom_data  0000
__Hend_init               end_init     0003
__Hfunctab                functab      0000
__Hidloc                  idloc        0000
__Hinit                   init         0000
__Hintentry               intentry     0000
__Hmaintext               maintext     0000
__Hpowerup                powerup      0000
__Hram                    ram          0000
__Hreset_vec              reset_vec    0000
__Hsfr0                   sfr0         0000
__Hsfr1                   sfr1         0000
__Hsfr2                   sfr2         0000
__Hsfr3                   sfr3         0000
__Hspace_0                (abs)        2009
__Hspace_1                (abs)        007E
__Hspace_2                (abs)        0000
__Hspace_3                (abs)        0000
__Hstack                  stack        0000
__Hstrings                strings      0000
__Htext                   text         0000
__Labs1                   abs1         0000
__Lbank0                  bank0        0000
__Lbank1                  bank1        0000
__Lbank2                  bank2        0000
__Lbank3                  bank3        0000
__LbssBANK0               bssBANK0     0000
__Lcinit                  cinit        07F3
__Lclrtext                clrtext      0000
__Lcode                   code         0000
__Lcommon                 common       0000
__Lconfig                 config       2007
__LcstackBANK0            cstackBANK0  0000
__LcstackCOMMON           cstackCOMMON 0000
__Leeprom_data            eeprom_data  0000
__Lend_init               end_init     0000
__Lfunctab                functab      0000
__Lidloc                  idloc        0000
__Linit                   init         0000
__Lintentry               intentry     0000
__Lmaintext               maintext     0000
__Lpowerup                powerup      0000
__Lram                    ram          0000
__Lreset_vec              reset_vec    0000
__Lsfr0                   sfr0         0000
__Lsfr1                   sfr1         0000
__Lsfr2                   sfr2         0000
__Lsfr3                   sfr3         0000
__Lspace_0                (abs)        0000
__Lspace_1                (abs)        0000
__Lspace_2                (abs)        0000
__Lspace_3                (abs)        0000
__Lstack                  stack        0000
__Lstrings                strings      0000
__Ltext                   text         0000
__S0                      (abs)        2009
__S1                      (abs)        007E
__S2                      (abs)        0000
__S3                      (abs)        0000
___aldiv                  text4        00F9
___aldiv@counter          cstackBANK0  003C
___aldiv@dividend         cstackCOMMON 0074
___aldiv@divisor          cstackCOMMON 0070
___aldiv@quotient         cstackBANK0  003E
___aldiv@sign             cstackBANK0  003D
___awdiv                  text17       0090
___awdiv@counter          cstackBANK0  003C
___awdiv@dividend         cstackCOMMON 0079
___awdiv@divisor          cstackCOMMON 0077
___awdiv@quotient         cstackBANK0  003E
___awdiv@sign             cstackBANK0  003D
___awmod                  text16       0FA7
___awmod@counter          cstackCOMMON 0075
___awmod@dividend         cstackCOMMON 0072
___awmod@divisor          cstackCOMMON 0070
___awmod@sign             cstackCOMMON 0076
___int_sp                 stack        0000
___latbits                (abs)        0002
___sp                     stack        0000
___stackhi                (abs)        0000
___stacklo                (abs)        0000
__end_of_Control          text12       0EBE
__end_of_FOTORESIS        text8        07F3
__end_of_LCDvalue         text7        0F7A
__end_of_ON               text11       0ED3
__end_of_POTENCIOMETRO    text6        05C9
__end_of_Tiempocontrol    text14       0F04
__end_of_UART_Data_Ready  text5        0090
__end_of_UART_Init        text3        0270
__end_of_UART_Read        text2        0EA1
__end_of___aldiv          text4        0196
__end_of___awdiv          text17       00F9
__end_of___awmod          text16       1000
__end_of__initialization  cinit        07FC
__end_of__stringtab       strings      0009
__end_of_clean            text1        0E99
__end_of_delay_ms         text13       0FA7
__end_of_delay_us         text15       0EEB
__end_of_impresion        text10       0F23
__end_of_lcddirection     text9        0F4E
__end_of_main             maintext     03A2
__initialization          cinit        07F3
__pbssBANK0               bssBANK0     0020
__pcstackBANK0            cstackBANK0  003C
__pcstackCOMMON           cstackCOMMON 0070
__pmaintext               maintext     0270
__pstrings                strings      0003
__ptext1                  text1        0E92
__ptext10                 text10       0F04
__ptext11                 text11       0EBE
__ptext12                 text12       0EA9
__ptext13                 text13       0F7A
__ptext14                 text14       0EEB
__ptext15                 text15       0ED3
__ptext16                 text16       0FA7
__ptext17                 text17       0090
__ptext2                  text2        0E99
__ptext3                  text3        0196
__ptext4                  text4        00F9
__ptext5                  text5        008A
__ptext6                  text6        03A2
__ptext7                  text7        0F4E
__ptext8                  text8        05C9
__ptext9                  text9        0F23
__size_of_Control         (abs)        0000
__size_of_FOTORESIS       (abs)        0000
__size_of_LCDvalue        (abs)        0000
__size_of_ON              (abs)        0000
__size_of_POTENCIOMETRO   (abs)        0000
__size_of_Tiempocontrol   (abs)        0000
__size_of_UART_Data_Ready (abs)        0000
__size_of_UART_Init       (abs)        0000
__size_of_UART_Read       (abs)        0000
__size_of___aldiv         (abs)        0000
__size_of___awdiv         (abs)        0000
__size_of___awmod         (abs)        0000
__size_of_clean           (abs)        0000
__size_of_delay_ms        (abs)        0000
__size_of_delay_us        (abs)        0000
__size_of_impresion       (abs)        0000
__size_of_lcddirection    (abs)        0000
__size_of_main            (abs)        0000
__stringbase              strings      0008
__stringtab               strings      0003
_a                        bssBANK0     003A
_b                        bssBANK0     0030
_clean                    text1        0E92
_delay_ms                 text13       0F7A
_delay_us                 text15       0ED3
_impresion                text10       0F04
_lcddirection             text9        0F23
_main                     maintext     0270
btemp                     (abs)        007E
clear_ram0                clrtext      0EA1
delay_ms@dms              cstackCOMMON 0070
delay_ms@i                cstackCOMMON 0073
delay_ms@j                cstackCOMMON 0075
delay_us@dus              cstackCOMMON 0070
delay_us@i                cstackCOMMON 0073
end_of_initialization     cinit        07FC
impresion@valor           cstackCOMMON 0077
intlevel0                 functab      0000
intlevel1                 functab      0000
intlevel2                 functab      0000
intlevel3                 functab      0000
intlevel4                 functab      0000
intlevel5                 functab      0000
lcddirection@posicion     cstackBANK0  003C
lcddirection@valor        cstackCOMMON 007C
lcddirection@x            cstackCOMMON 0078
lcddirection@y            cstackCOMMON 007A
reset_vec                 reset_vec    0000
start                     init         0000
start_initialization      cinit        07F3
wtemp0                    (abs)        007E


FUNCTION INFORMATION:

 *************** function _main *****************
 Defined at:
		line 36 in file "slave.c"
 Parameters:    Size  Location     Type
		None
 Auto vars:     Size  Location     Type
		None
 Return value:  Size  Location     Type
                  1    wreg      void 
 Registers used:
		wreg, fsr0l, fsr0h, status,2, status,0, btemp+1, pclath, cstack
 Tracked objects:
		On entry : 
		On exit  : 
		Unchanged: 
 Data sizes:     COMMON   BANK0   BANK1   BANK3   BANK2
      Params:         0       0       0       0       0
      Locals:         0       0       0       0       0
      Temps:          0       3       0       0       0
      Totals:         0       3       0       0       0
Total ram usage:        3 bytes
 Hardware stack levels required when called:    6
 This function calls:
		_FOTORESIS
		_LCDvalue
		_POTENCIOMETRO
		_UART_Data_Ready
		_UART_Init
		_UART_Read
		_clean
		_delay_ms
		_lcddirection
 This function is called by:
		Startup code after reset
 This function uses a non-reentrant model


 *************** function _clean *****************
 Defined at:
		line 257 in file "LIBRERIALCD.c"
 Parameters:    Size  Location     Type
		None
 Auto vars:     Size  Location     Type
		None
 Return value:  Size  Location     Type
                  1    wreg      void 
 Registers used:
		wreg, status,2, status,0, btemp+1, pclath, cstack
 Tracked objects:
		On entry : 
		On exit  : 
		Unchanged: 
 Data sizes:     COMMON   BANK0   BANK1   BANK3   BANK2
      Params:         0       0       0       0       0
      Locals:         0       0       0       0       0
      Temps:          0       0       0       0       0
      Totals:         0       0       0       0       0
Total ram usage:        0 bytes
 Hardware stack levels used:    1
 Hardware stack levels required when called:    3
 This function calls:
		_Control
 This function is called by:
		_main
 This function uses a non-reentrant model


 *************** function _UART_Read *****************
 Defined at:
		line 33 in file "./uart.h"
 Parameters:    Size  Location     Type
		None
 Auto vars:     Size  Location     Type
		None
 Return value:  Size  Location     Type
                  1    wreg      unsigned char 
 Registers used:
		wreg
 Tracked objects:
		On entry : 
		On exit  : 
		Unchanged: 
 Data sizes:     COMMON   BANK0   BANK1   BANK3   BANK2
      Params:         0       0       0       0       0
      Locals:         0       0       0       0       0
      Temps:          0       0       0       0       0
      Totals:         0       0       0       0       0
Total ram usage:        0 bytes
 Hardware stack levels used:    1
 This function calls:
		Nothing
 This function is called by:
		_main
		_UART_Read_Text
 This function uses a non-reentrant model


 *************** function _UART_Init *****************
 Defined at:
		line 1 in file "./uart.h"
 Parameters:    Size  Location     Type
  baudrate        4    6[BANK0 ] const long 
 Auto vars:     Size  Location     Type
  x               2    9[COMMON] unsigned int 
 Return value:  Size  Location     Type
                  1    wreg      unsigned char 
 Registers used:
		wreg, status,2, status,0, pclath, cstack
 Tracked objects:
		On entry : 
		On exit  : 
		Unchanged: 
 Data sizes:     COMMON   BANK0   BANK1   BANK3   BANK2
      Params:         0       4       0       0       0
      Locals:         2       0       0       0       0
      Temps:          0      12       0       0       0
      Totals:         2      16       0       0       0
Total ram usage:       18 bytes
 Hardware stack levels used:    1
 Hardware stack levels required when called:    1
 This function calls:
		___aldiv
 This function is called by:
		_main
 This function uses a non-reentrant model


 *************** function ___aldiv *****************
 Defined at:
		line 5 in file "C:\Program Files (x86)\Microchip\xc8\v2.10\pic\sources\c90\common\aldiv.c"
 Parameters:    Size  Location     Type
  divisor         4    0[COMMON] long 
  dividend        4    4[COMMON] long 
 Auto vars:     Size  Location     Type
  quotient        4    2[BANK0 ] long 
  sign            1    1[BANK0 ] unsigned char 
  counter         1    0[BANK0 ] unsigned char 
 Return value:  Size  Location     Type
                  4    0[COMMON] long 
 Registers used:
		wreg, status,2, status,0
 Tracked objects:
		On entry : 
		On exit  : 
		Unchanged: 
 Data sizes:     COMMON   BANK0   BANK1   BANK3   BANK2
      Params:         8       0       0       0       0
      Locals:         0       6       0       0       0
      Temps:          1       0       0       0       0
      Totals:         9       6       0       0       0
Total ram usage:       15 bytes
 Hardware stack levels used:    1
 This function calls:
		Nothing
 This function is called by:
		_UART_Init
 This function uses a non-reentrant model


 *************** function _UART_Data_Ready *****************
 Defined at:
		line 29 in file "./uart.h"
 Parameters:    Size  Location     Type
		None
 Auto vars:     Size  Location     Type
		None
 Return value:  Size  Location     Type
                  1    wreg      unsigned char 
 Registers used:
		wreg
 Tracked objects:
		On entry : 
		On exit  : 
		Unchanged: 
 Data sizes:     COMMON   BANK0   BANK1   BANK3   BANK2
      Params:         0       0       0       0       0
      Locals:         0       0       0       0       0
      Temps:          0       0       0       0       0
      Totals:         0       0       0       0       0
Total ram usage:        0 bytes
 Hardware stack levels used:    1
 This function calls:
		Nothing
 This function is called by:
		_main
 This function uses a non-reentrant model


 *************** function _POTENCIOMETRO *****************
 Defined at:
		line 150 in file "LIBRERIALCD.c"
 Parameters:    Size  Location     Type
  result          1    wreg     unsigned char 
 Auto vars:     Size  Location     Type
  result          1   22[BANK0 ] unsigned char 
  i               2   20[BANK0 ] int 
  numero          6    9[BANK0 ] int [3]
  coordenada      1   24[BANK0 ] unsigned char 
  valor           1   23[BANK0 ] unsigned char 
  centesimas      1   17[BANK0 ] unsigned char 
  decimas         1   16[BANK0 ] unsigned char 
  unidades        1   15[BANK0 ] unsigned char 
 Return value:  Size  Location     Type
                  1    wreg      void 
 Registers used:
		wreg, fsr0l, fsr0h, status,2, status,0, btemp+1, pclath, cstack
 Tracked objects:
		On entry : 
		On exit  : 
		Unchanged: 
 Data sizes:     COMMON   BANK0   BANK1   BANK3   BANK2
      Params:         0       0       0       0       0
      Locals:         0      16       0       0       0
      Temps:          0       5       0       0       0
      Totals:         0      21       0       0       0
Total ram usage:       21 bytes
 Hardware stack levels used:    1
 Hardware stack levels required when called:    5
 This function calls:
		___awdiv
		___awmod
		_lcddirection
 This function is called by:
		_main
 This function uses a non-reentrant model


 *************** function _LCDvalue *****************
 Defined at:
		line 51 in file "LIBRERIALCD.c"
 Parameters:    Size  Location     Type
		None
 Auto vars:     Size  Location     Type
		None
 Return value:  Size  Location     Type
                  1    wreg      void 
 Registers used:
		wreg, status,2, status,0, btemp+1, pclath, cstack
 Tracked objects:
		On entry : 
		On exit  : 
		Unchanged: 
 Data sizes:     COMMON   BANK0   BANK1   BANK3   BANK2
      Params:         0       0       0       0       0
      Locals:         0       0       0       0       0
      Temps:          0       0       0       0       0
      Totals:         0       0       0       0       0
Total ram usage:        0 bytes
 Hardware stack levels used:    1
 Hardware stack levels required when called:    3
 This function calls:
		_Control
		_delay_ms
 This function is called by:
		_main
 This function uses a non-reentrant model


 *************** function _FOTORESIS *****************
 Defined at:
		line 204 in file "LIBRERIALCD.c"
 Parameters:    Size  Location     Type
  result          1    wreg     unsigned char 
 Auto vars:     Size  Location     Type
  result          1   22[BANK0 ] unsigned char 
  i               2   20[BANK0 ] int 
  numero          6    9[BANK0 ] int [3]
  coordenada      1   24[BANK0 ] unsigned char 
  valor           1   23[BANK0 ] unsigned char 
  centesimas      1   17[BANK0 ] unsigned char 
  decimas         1   16[BANK0 ] unsigned char 
  unidades        1   15[BANK0 ] unsigned char 
 Return value:  Size  Location     Type
                  1    wreg      void 
 Registers used:
		wreg, fsr0l, fsr0h, status,2, status,0, btemp+1, pclath, cstack
 Tracked objects:
		On entry : 
		On exit  : 
		Unchanged: 
 Data sizes:     COMMON   BANK0   BANK1   BANK3   BANK2
      Params:         0       0       0       0       0
      Locals:         0      16       0       0       0
      Temps:          0       5       0       0       0
      Totals:         0      21       0       0       0
Total ram usage:       21 bytes
 Hardware stack levels used:    1
 Hardware stack levels required when called:    5
 This function calls:
		___awdiv
		___awmod
		_lcddirection
 This function is called by:
		_main
 This function uses a non-reentrant model


 *************** function _lcddirection *****************
 Defined at:
		line 73 in file "LIBRERIALCD.c"
 Parameters:    Size  Location     Type
  x               2    8[COMMON] int 
  y               2   10[COMMON] int 
  valor           1   12[COMMON] PTR unsigned char 
		 -> STR_43(2), STR_42(2), STR_41(2), STR_40(2), 
		 -> STR_39(2), STR_38(2), STR_37(2), STR_36(2), 
		 -> STR_35(2), STR_34(2), STR_33(2), STR_32(2), 
		 -> STR_31(2), STR_30(2), STR_29(2), STR_28(2), 
		 -> STR_27(2), STR_26(2), STR_25(2), STR_24(2), 
		 -> STR_23(3), STR_22(3), STR_21(3), STR_20(3), 
		 -> STR_19(3), STR_18(3), STR_17(3), STR_16(3), 
		 -> STR_15(3), STR_14(3), STR_13(3), STR_12(3), 
		 -> STR_11(3), STR_10(3), STR_9(3), STR_8(3), 
		 -> STR_7(3), STR_6(17), STR_5(17), STR_4(6), 
		 -> STR_3(16), STR_2(6), STR_1(16), 
 Auto vars:     Size  Location     Type
  posicion        1    0[BANK0 ] unsigned char 
 Return value:  Size  Location     Type
                  1    wreg      void 
 Registers used:
		wreg, fsr0l, fsr0h, status,2, status,0, btemp+1, pclath, cstack
 Tracked objects:
		On entry : 
		On exit  : 
		Unchanged: 
 Data sizes:     COMMON   BANK0   BANK1   BANK3   BANK2
      Params:         5       0       0       0       0
      Locals:         0       1       0       0       0
      Temps:          1       0       0       0       0
      Totals:         6       1       0       0       0
Total ram usage:        7 bytes
 Hardware stack levels used:    1
 Hardware stack levels required when called:    4
 This function calls:
		_Control
		_impresion
 This function is called by:
		_main
		_POTENCIOMETRO
		_FOTORESIS
		_LCDCONT
 This function uses a non-reentrant model


 *************** function _impresion *****************
 Defined at:
		line 66 in file "LIBRERIALCD.c"
 Parameters:    Size  Location     Type
  valor           1    wreg     PTR unsigned char 
		 -> STR_43(2), STR_42(2), STR_41(2), STR_40(2), 
		 -> STR_39(2), STR_38(2), STR_37(2), STR_36(2), 
		 -> STR_35(2), STR_34(2), STR_33(2), STR_32(2), 
		 -> STR_31(2), STR_30(2), STR_29(2), STR_28(2), 
		 -> STR_27(2), STR_26(2), STR_25(2), STR_24(2), 
		 -> STR_23(3), STR_22(3), STR_21(3), STR_20(3), 
		 -> STR_19(3), STR_18(3), STR_17(3), STR_16(3), 
		 -> STR_15(3), STR_14(3), STR_13(3), STR_12(3), 
		 -> STR_11(3), STR_10(3), STR_9(3), STR_8(3), 
		 -> STR_7(3), STR_6(17), STR_5(17), STR_4(6), 
		 -> STR_3(16), STR_2(6), STR_1(16), 
 Auto vars:     Size  Location     Type
  valor           1    7[COMMON] PTR unsigned char 
		 -> STR_43(2), STR_42(2), STR_41(2), STR_40(2), 
		 -> STR_39(2), STR_38(2), STR_37(2), STR_36(2), 
		 -> STR_35(2), STR_34(2), STR_33(2), STR_32(2), 
		 -> STR_31(2), STR_30(2), STR_29(2), STR_28(2), 
		 -> STR_27(2), STR_26(2), STR_25(2), STR_24(2), 
		 -> STR_23(3), STR_22(3), STR_21(3), STR_20(3), 
		 -> STR_19(3), STR_18(3), STR_17(3), STR_16(3), 
		 -> STR_15(3), STR_14(3), STR_13(3), STR_12(3), 
		 -> STR_11(3), STR_10(3), STR_9(3), STR_8(3), 
		 -> STR_7(3), STR_6(17), STR_5(17), STR_4(6), 
		 -> STR_3(16), STR_2(6), STR_1(16), 
 Return value:  Size  Location     Type
                  1    wreg      void 
 Registers used:
		wreg, fsr0l, fsr0h, status,2, status,0, pclath, cstack
 Tracked objects:
		On entry : 
		On exit  : 
		Unchanged: 
 Data sizes:     COMMON   BANK0   BANK1   BANK3   BANK2
      Params:         0       0       0       0       0
      Locals:         1       0       0       0       0
      Temps:          1       0       0       0       0
      Totals:         2       0       0       0       0
Total ram usage:        2 bytes
 Hardware stack levels used:    1
 Hardware stack levels required when called:    3
 This function calls:
		_ON
 This function is called by:
		_lcddirection
 This function uses a non-reentrant model


 *************** function _ON *****************
 Defined at:
		line 44 in file "LIBRERIALCD.c"
 Parameters:    Size  Location     Type
  valor1          1    wreg     unsigned char 
 Auto vars:     Size  Location     Type
  valor1          1    5[COMMON] unsigned char 
 Return value:  Size  Location     Type
                  1    wreg      void 
 Registers used:
		wreg, status,2, status,0, pclath, cstack
 Tracked objects:
		On entry : 
		On exit  : 
		Unchanged: 
 Data sizes:     COMMON   BANK0   BANK1   BANK3   BANK2
      Params:         0       0       0       0       0
      Locals:         1       0       0       0       0
      Temps:          0       0       0       0       0
      Totals:         1       0       0       0       0
Total ram usage:        1 bytes
 Hardware stack levels used:    1
 Hardware stack levels required when called:    2
 This function calls:
		_Tiempocontrol
		_delay_us
 This function is called by:
		_impresion
 This function uses a non-reentrant model


 *************** function _Control *****************
 Defined at:
		line 37 in file "LIBRERIALCD.c"
 Parameters:    Size  Location     Type
  valor           1    wreg     unsigned char 
 Auto vars:     Size  Location     Type
  valor           1    7[COMMON] unsigned char 
 Return value:  Size  Location     Type
                  1    wreg      void 
 Registers used:
		wreg, status,2, status,0, btemp+1, pclath, cstack
 Tracked objects:
		On entry : 
		On exit  : 
		Unchanged: 
 Data sizes:     COMMON   BANK0   BANK1   BANK3   BANK2
      Params:         0       0       0       0       0
      Locals:         1       0       0       0       0
      Temps:          0       0       0       0       0
      Totals:         1       0       0       0       0
Total ram usage:        1 bytes
 Hardware stack levels used:    1
 Hardware stack levels required when called:    2
 This function calls:
		_Tiempocontrol
		_delay_ms
 This function is called by:
		_LCDvalue
		_lcddirection
		_clean
 This function uses a non-reentrant model


 *************** function _delay_ms *****************
 Defined at:
		line 19 in file "LIBRERIALCD.c"
 Parameters:    Size  Location     Type
  dms             2    0[COMMON] int 
 Auto vars:     Size  Location     Type
  j               2    5[COMMON] int 
  i               2    3[COMMON] int 
 Return value:  Size  Location     Type
                  1    wreg      void 
 Registers used:
		wreg, status,2, btemp+1
 Tracked objects:
		On entry : 
		On exit  : 
		Unchanged: 
 Data sizes:     COMMON   BANK0   BANK1   BANK3   BANK2
      Params:         2       0       0       0       0
      Locals:         4       0       0       0       0
      Temps:          1       0       0       0       0
      Totals:         7       0       0       0       0
Total ram usage:        7 bytes
 Hardware stack levels used:    1
 This function calls:
		Nothing
 This function is called by:
		_main
		_Control
		_LCDvalue
 This function uses a non-reentrant model


 *************** function _Tiempocontrol *****************
 Defined at:
		line 30 in file "LIBRERIALCD.c"
 Parameters:    Size  Location     Type
		None
 Auto vars:     Size  Location     Type
		None
 Return value:  Size  Location     Type
                  1    wreg      void 
 Registers used:
		wreg, status,2, status,0, pclath, cstack
 Tracked objects:
		On entry : 
		On exit  : 
		Unchanged: 
 Data sizes:     COMMON   BANK0   BANK1   BANK3   BANK2
      Params:         0       0       0       0       0
      Locals:         0       0       0       0       0
      Temps:          0       0       0       0       0
      Totals:         0       0       0       0       0
Total ram usage:        0 bytes
 Hardware stack levels used:    1
 Hardware stack levels required when called:    1
 This function calls:
		_delay_us
 This function is called by:
		_Control
		_ON
 This function uses a non-reentrant model


 *************** function _delay_us *****************
 Defined at:
		line 25 in file "LIBRERIALCD.c"
 Parameters:    Size  Location     Type
  dus             2    0[COMMON] int 
 Auto vars:     Size  Location     Type
  i               2    3[COMMON] int 
 Return value:  Size  Location     Type
                  1    wreg      void 
 Registers used:
		wreg, status,2
 Tracked objects:
		On entry : 
		On exit  : 
		Unchanged: 
 Data sizes:     COMMON   BANK0   BANK1   BANK3   BANK2
      Params:         2       0       0       0       0
      Locals:         2       0       0       0       0
      Temps:          1       0       0       0       0
      Totals:         5       0       0       0       0
Total ram usage:        5 bytes
 Hardware stack levels used:    1
 This function calls:
		Nothing
 This function is called by:
		_Tiempocontrol
		_ON
 This function uses a non-reentrant model


 *************** function ___awmod *****************
 Defined at:
		line 5 in file "C:\Program Files (x86)\Microchip\xc8\v2.10\pic\sources\c90\common\awmod.c"
 Parameters:    Size  Location     Type
  divisor         2    0[COMMON] int 
  dividend        2    2[COMMON] int 
 Auto vars:     Size  Location     Type
  sign            1    6[COMMON] unsigned char 
  counter         1    5[COMMON] unsigned char 
 Return value:  Size  Location     Type
                  2    0[COMMON] int 
 Registers used:
		wreg, status,2, status,0
 Tracked objects:
		On entry : 
		On exit  : 
		Unchanged: 
 Data sizes:     COMMON   BANK0   BANK1   BANK3   BANK2
      Params:         4       0       0       0       0
      Locals:         2       0       0       0       0
      Temps:          1       0       0       0       0
      Totals:         7       0       0       0       0
Total ram usage:        7 bytes
 Hardware stack levels used:    1
 This function calls:
		Nothing
 This function is called by:
		_POTENCIOMETRO
		_FOTORESIS
 This function uses a non-reentrant model


 *************** function ___awdiv *****************
 Defined at:
		line 5 in file "C:\Program Files (x86)\Microchip\xc8\v2.10\pic\sources\c90\common\awdiv.c"
 Parameters:    Size  Location     Type
  divisor         2    7[COMMON] int 
  dividend        2    9[COMMON] int 
 Auto vars:     Size  Location     Type
  quotient        2    2[BANK0 ] int 
  sign            1    1[BANK0 ] unsigned char 
  counter         1    0[BANK0 ] unsigned char 
 Return value:  Size  Location     Type
                  2    7[COMMON] int 
 Registers used:
		wreg, status,2, status,0
 Tracked objects:
		On entry : 
		On exit  : 
		Unchanged: 
 Data sizes:     COMMON   BANK0   BANK1   BANK3   BANK2
      Params:         4       0       0       0       0
      Locals:         0       4       0       0       0
      Temps:          1       0       0       0       0
      Totals:         5       4       0       0       0
Total ram usage:        9 bytes
 Hardware stack levels used:    1
 This function calls:
		Nothing
 This function is called by:
		_POTENCIOMETRO
		_FOTORESIS
 This function uses a non-reentrant model



MODULE INFORMATION

Module		Function		Class		Link	Load	Size
C:\Program Files (x86)\Microchip\xc8\v2.10\pic\sources\c90\common\awdiv.c
		___awdiv       		CODE           	0090	0000	106

C:\Program Files (x86)\Microchip\xc8\v2.10\pic\sources\c90\common\awdiv.c estimated size: 106

slave.c
		_main          		CODE           	0270	0000	307

slave.c estimated size: 307

C:\Program Files (x86)\Microchip\xc8\v2.10\pic\sources\c90\common\aldiv.c
		___aldiv       		CODE           	00F9	0000	158

C:\Program Files (x86)\Microchip\xc8\v2.10\pic\sources\c90\common\aldiv.c estimated size: 158

./uart.h
		_UART_Read     		CODE           	0E99	0000	9
		_UART_Data_Ready		CODE           	008A	0000	7
		_UART_Init     		CODE           	0196	0000	219

./uart.h estimated size: 235

shared
		__stringtab    		STRING         	0003	0000	7
		__initialization		CODE           	07F3	0000	10

shared estimated size: 17

C:\Program Files (x86)\Microchip\xc8\v2.10\pic\sources\c90\common\awmod.c
		___awmod       		CODE           	0FA7	0000	90

C:\Program Files (x86)\Microchip\xc8\v2.10\pic\sources\c90\common\awmod.c estimated size: 90

LIBRERIALCD.c
		_clean         		CODE           	0E92	0000	8
		_lcddirection  		CODE           	0F23	0000	44
		_delay_us      		CODE           	0ED3	0000	25
		_impresion     		CODE           	0F04	0000	32
		_ON            		CODE           	0EBE	0000	22
		_Tiempocontrol 		CODE           	0EEB	0000	26
		_LCDvalue      		CODE           	0F4E	0000	45
		_delay_ms      		CODE           	0F7A	0000	46
		_FOTORESIS     		CODE           	05C9	0000	555
		_POTENCIOMETRO 		CODE           	03A2	0000	552
		_Control       		CODE           	0EA9	0000	22

LIBRERIALCD.c estimated size: 1377

