Microchip MPLAB XC8 Compiler V2.10 ()

Linker command line:

-W-3 --edf=C:\Program Files (x86)\Microchip\xc8\v2.10\pic\dat\en_msgs.txt \
  -cs -h+dist/default/production\SPI-Slave.X.production.sym \
  --cmf=dist/default/production\SPI-Slave.X.production.cmf -z -Q16F887 \
  -oC:\Users\egman\AppData\Local\Temp\s5rk.2 --defsym=__MPLAB_BUILD=1 \
  -Mdist/default/production/SPI-Slave.X.production.map -E1 -ver=XC8 \
  --acfsm=1493 -ASTACK=0110h-016Fh -pstack=STACK -ACODE=00h-07FFhx4 \
  -ASTRCODE=00h-01FFFh -ASTRING=00h-0FFhx32 -ACONST=00h-0FFhx32 \
  -AENTRY=00h-0FFhx32 -ACOMMON=070h-07Fh -ABANK0=020h-06Fh \
  -ABANK1=0A0h-0EFh -ABANK2=0110h-016Fh -ABANK3=0190h-01EFh \
  -ARAM=020h-06Fh,0A0h-0EFh,0110h-016Fh,0190h-01EFh \
  -AABS1=020h-07Fh,0A0h-0EFh,0110h-016Fh,0190h-01EFh -ASFR0=00h-01Fh \
  -ASFR1=080h-09Fh -ASFR2=0100h-010Fh -ASFR3=0180h-018Fh \
  -preset_vec=00h,intentry=04h,init,end_init -ppowerup=CODE -pcinit=CODE \
  -pfunctab=ENTRY -ACONFIG=02007h-02008h -pconfig=CONFIG -DCONFIG=2 \
  -AIDLOC=02000h-02003h -pidloc=IDLOC -DIDLOC=2 -AEEDATA=00h-0FFh/02100h \
  -peeprom_data=EEDATA -DEEDATA=2 -DCODE=2 -DSTRCODE=2 -DSTRING=2 -DCONST=2 \
  -DENTRY=2 -k C:\Users\egman\AppData\Local\Temp\s5rk.o \
  dist/default/production\SPI-Slave.X.production.o 

Object code version is 3.11

Machine type is 16F887



                Name                               Link     Load   Length Selector   Space Scale
C:\Users\egman\AppData\Local\Temp\s5rk.o
                end_init                             10       10        3        8       0
                reset_vec                             0        0        3        0       0
                config                             2007     2007        2     400E       0
dist/default/production\SPI-Slave.X.production.o
                cinit                                13       13       11        8       0
                intentry                              4        4        C        8       0
                text18                              F9A      F9A        7     1F34       0
                text17                              FB0      FB0        9     1F60       0
                text16                              6B8      6B8       3C      BE8       0
                text15                              5F4      5F4       69      BE8       0
                text14                              65D      65D       5B      BE8       0
                text13                              7E2      7E2       1C      BE8       0
                text12                              FE7      FE7       19     1FCE       0
                text11                              6F4      6F4       35      BE8       0
                text10                              FB9      FB9       17     1F72       0
                text9                               FD0      FD0       17     1FA0       0
                text8                               780      780       23      BE8       0
                text7                               755      755       2B      BE8       0
                text6                                24       24      22A        8       0
                text5                               729      729       2C      BE8       0
                text4                               24E      24E      227        8       0
                text3                               FA1      FA1        7     1F42       0
                text2                               7C4      7C4       1E      BE8       0
                text1                               7A3      7A3       21      BE8       0
                maintext                            475      475       F8        8       0
                cstackBANK0                          20       20       26       20       1
                cstackCOMMON                         70       70        5       70       1
                clrtext                             FA8      FA8        8     1F50       0
                bssBANK0                             46       46       18       20       1
                bssCOMMON                            75       75        4       70       1
                strings                             56D      56D       87      ADA       0

TOTAL           Name                               Link     Load   Length     Space
        CLASS   STACK          

        CLASS   CODE           
                end_init                             10       10        3         0
                cinit                                13       13       11         0
                intentry                              4        4        C         0
                reset_vec                             0        0        3         0
                text18                              F9A      F9A        7         0
                text17                              FB0      FB0        9         0
                text16                              6B8      6B8       3C         0
                text15                              5F4      5F4       69         0
                text14                              65D      65D       5B         0
                text13                              7E2      7E2       1C         0
                text12                              FE7      FE7       19         0
                text11                              6F4      6F4       35         0
                text10                              FB9      FB9       17         0
                text9                               FD0      FD0       17         0
                text8                               780      780       23         0
                text7                               755      755       2B         0
                text6                                24       24      22A         0
                text5                               729      729       2C         0
                text4                               24E      24E      227         0
                text3                               FA1      FA1        7         0
                text2                               7C4      7C4       1E         0
                text1                               7A3      7A3       21         0
                maintext                            475      475       F8         0
                clrtext                             FA8      FA8        8         0

        CLASS   STRCODE        

        CLASS   STRING         
                strings                             56D      56D       87         0

        CLASS   CONST          

        CLASS   ENTRY          

        CLASS   COMMON         
                cstackCOMMON                         70       70        5         1
                bssCOMMON                            75       75        4         1

        CLASS   BANK0          
                cstackBANK0                          20       20       26         1
                bssBANK0                             46       46       18         1

        CLASS   BANK1          

        CLASS   BANK2          

        CLASS   BANK3          

        CLASS   RAM            

        CLASS   ABS1           
                abs_s1                               7E       7E        2         1

        CLASS   SFR0           

        CLASS   SFR1           

        CLASS   SFR2           

        CLASS   SFR3           

        CLASS   CONFIG         
                config                             2007     2007        2         0

        CLASS   IDLOC          

        CLASS   EEDATA         



SEGMENTS        Name                           Load    Length   Top    Selector   Space  Class     Delta

                reset_vec                      000000  000003  000003         0       0  CODE        2
                intentry                       000004  000569  00056D         8       0  CODE        2
                cstackBANK0                    000020  00003E  00005E        20       1  BANK0       1
                cstackCOMMON                   000070  000009  000079        70       1  COMMON      1
                strings                        00056D  000087  0005F4       ADA       0  STRING      2
                text15                         0005F4  00020A  0007FE       BE8       0  CODE        2
                text18                         000F9A  000007  000FA1      1F34       0  CODE        2
                text3                          000FA1  000007  000FA8      1F42       0  CODE        2
                clrtext                        000FA8  000008  000FB0      1F50       0  CODE        2
                text17                         000FB0  000009  000FB9      1F60       0  CODE        2
                text10                         000FB9  000017  000FD0      1F72       0  CODE        2
                text9                          000FD0  000017  000FE7      1FA0       0  CODE        2
                text12                         000FE7  000019  001000      1FCE       0  CODE        2
                config                         002007  000002  002009      400E       0  CONFIG      2


UNUSED ADDRESS RANGES

        Name                Unused          Largest block    Delta
        BANK0            005E-006F             12           1
        BANK1            00A0-00EF             50           1
        BANK2            0110-016F             60           1
        BANK3            0190-01EF             60           1
        CODE             0003-0003              1           2
                         07FE-0F99              2
                         1000-1FFF            800
        COMMON           0079-007D              5           1
        CONST            0003-0003              1           2
                         07FE-0F99            100
                         1000-1FFF            100
        EEDATA           2100-21FF            100           2
        ENTRY            0003-0003              1           2
                         07FE-0F99            100
                         1000-1FFF            100
        IDLOC            2000-2003              4           2
        RAM              005E-006F             12           1
                         00A0-00EF             50
                         0110-016F             60
                         0190-01EF             60
        SFR0             0000-001F             20           1
        SFR1             0080-009F             20           1
        SFR2             0100-010F             10           1
        SFR3             0180-018F             10           1
        STACK            0110-016F             60           1
        STRCODE          0003-0003              1           2
                         07FE-0F99            79C
                         1000-1FFF           1000
        STRING           0003-0003              1           2
                         07FE-0F99            100
                         1000-1FFF            100

                                  Symbol Table

?___awdiv                 cstackBANK0  0027
?___awmod                 cstackBANK0  0020
Control@valor             cstackBANK0  0027
FOTORESIS@centesimas      cstackBANK0  003D
FOTORESIS@coordenada      cstackBANK0  0044
FOTORESIS@decimas         cstackBANK0  003C
FOTORESIS@i               cstackBANK0  0041
FOTORESIS@numero          cstackBANK0  0035
FOTORESIS@result          cstackBANK0  0040
FOTORESIS@unidades        cstackBANK0  003B
FOTORESIS@valor           cstackBANK0  0043
ON@valor1                 cstackBANK0  0025
POTENCIOMETRO@centesimas  cstackBANK0  003D
POTENCIOMETRO@coordenada  cstackBANK0  0044
POTENCIOMETRO@decimas     cstackBANK0  003C
POTENCIOMETRO@i           cstackBANK0  0041
POTENCIOMETRO@numero      cstackBANK0  0035
POTENCIOMETRO@result      cstackBANK0  0040
POTENCIOMETRO@unidades    cstackBANK0  003B
POTENCIOMETRO@valor       cstackBANK0  0043
_ANSEL                    (abs)        0188
_ANSELH                   (abs)        0189
_CONT                     bssBANK0     0058
_Control                  text10       0FB9
_FOTO                     bssBANK0     005A
_FOTORESIS                text6        0024
_FOTORESIS$1115           cstackBANK0  003E
_INTCONbits               (abs)        000B
_J                        bssCOMMON    0075
_LCDvalue                 text5        0729
_ON                       text9        0FD0
_OTRO                     bssBANK0     0056
_PIE1bits                 (abs)        008C
_PIR1bits                 (abs)        000C
_PORTB                    (abs)        0006
_PORTD                    (abs)        0008
_PORTDbits                (abs)        0008
_POT                      bssBANK0     005C
_POTENCIOMETRO            text4        024E
_POTENCIOMETRO$1114       cstackBANK0  003E
_SSPBUF                   (abs)        0013
_SSPCON                   (abs)        0014
_SSPIF                    (abs)        0063
_SSPSTAT                  (abs)        0094
_SSPSTATbits              (abs)        0094
_TRISAbits                (abs)        0085
_TRISB                    (abs)        0086
_TRISC3                   (abs)        043B
_TRISC5                   (abs)        043D
_TRISD                    (abs)        0088
_TRISDbits                (abs)        0088
_Tiempocontrol            text12       0FE7
__CFG_BOR4V$BOR40V        (abs)        0000
__CFG_BOREN$OFF           (abs)        0000
__CFG_CP$OFF              (abs)        0000
__CFG_CPD$OFF             (abs)        0000
__CFG_FCMEN$OFF           (abs)        0000
__CFG_FOSC$EXTRC_NOCLKOUT (abs)        0000
__CFG_IESO$OFF            (abs)        0000
__CFG_LVP$OFF             (abs)        0000
__CFG_MCLRE$OFF           (abs)        0000
__CFG_PWRTE$OFF           (abs)        0000
__CFG_WDTE$OFF            (abs)        0000
__CFG_WRT$OFF             (abs)        0000
__Habs1                   abs1         0000
__Hbank0                  bank0        0000
__Hbank1                  bank1        0000
__Hbank2                  bank2        0000
__Hbank3                  bank3        0000
__HbssBANK0               bssBANK0     0000
__HbssCOMMON              bssCOMMON    0000
__Hcinit                  cinit        0024
__Hclrtext                clrtext      0000
__Hcode                   code         0000
__Hcommon                 common       0000
__Hconfig                 config       2009
__HcstackBANK0            cstackBANK0  0000
__HcstackCOMMON           cstackCOMMON 0000
__Heeprom_data            eeprom_data  0000
__Hend_init               end_init     0013
__Hfunctab                functab      0000
__Hidloc                  idloc        0000
__Hinit                   init         0010
__Hintentry               intentry     0010
__Hmaintext               maintext     0000
__Hpowerup                powerup      0000
__Hram                    ram          0000
__Hreset_vec              reset_vec    0003
__Hsfr0                   sfr0         0000
__Hsfr1                   sfr1         0000
__Hsfr2                   sfr2         0000
__Hsfr3                   sfr3         0000
__Hspace_0                (abs)        2009
__Hspace_1                (abs)        0079
__Hspace_2                (abs)        0000
__Hspace_3                (abs)        0000
__Hstack                  stack        0000
__Hstrings                strings      0000
__Htext                   text         0000
__Labs1                   abs1         0000
__Lbank0                  bank0        0000
__Lbank1                  bank1        0000
__Lbank2                  bank2        0000
__Lbank3                  bank3        0000
__LbssBANK0               bssBANK0     0000
__LbssCOMMON              bssCOMMON    0000
__Lcinit                  cinit        0013
__Lclrtext                clrtext      0000
__Lcode                   code         0000
__Lcommon                 common       0000
__Lconfig                 config       2007
__LcstackBANK0            cstackBANK0  0000
__LcstackCOMMON           cstackCOMMON 0000
__Leeprom_data            eeprom_data  0000
__Lend_init               end_init     0010
__Lfunctab                functab      0000
__Lidloc                  idloc        0000
__Linit                   init         0010
__Lintentry               intentry     0004
__Lmaintext               maintext     0000
__Lpowerup                powerup      0000
__Lram                    ram          0000
__Lreset_vec              reset_vec    0000
__Lsfr0                   sfr0         0000
__Lsfr1                   sfr1         0000
__Lsfr2                   sfr2         0000
__Lsfr3                   sfr3         0000
__Lspace_0                (abs)        0000
__Lspace_1                (abs)        0000
__Lspace_2                (abs)        0000
__Lspace_3                (abs)        0000
__Lstack                  stack        0000
__Lstrings                strings      0000
__Ltext                   text         0000
__S0                      (abs)        2009
__S1                      (abs)        0079
__S2                      (abs)        0000
__S3                      (abs)        0000
___awdiv                  text15       05F4
___awdiv@counter          cstackBANK0  002C
___awdiv@dividend         cstackBANK0  0029
___awdiv@divisor          cstackBANK0  0027
___awdiv@quotient         cstackBANK0  002E
___awdiv@sign             cstackBANK0  002D
___awmod                  text14       065D
___awmod@counter          cstackBANK0  0025
___awmod@dividend         cstackBANK0  0022
___awmod@divisor          cstackBANK0  0020
___awmod@sign             cstackBANK0  0026
___int_sp                 stack        0000
___latbits                (abs)        0002
___sp                     stack        0000
___stackhi                (abs)        0000
___stacklo                (abs)        0000
__end_of_Control          text10       0FD0
__end_of_FOTORESIS        text6        024E
__end_of_LCDvalue         text5        0755
__end_of_ON               text9        0FE7
__end_of_POTENCIOMETRO    text4        0475
__end_of_Tiempocontrol    text12       1000
__end_of___awdiv          text15       065D
__end_of___awmod          text14       06B8
__end_of__initialization  cinit        0020
__end_of__stringtab       strings      0573
__end_of_clean            text3        0FA8
__end_of_delay_ms         text11       0729
__end_of_delay_us         text13       07FE
__end_of_impresion        text8        07A3
__end_of_isr              text16       06F4
__end_of_lcddirection     text7        0780
__end_of_main             maintext     056D
__end_of_setup            text1        07C4
__end_of_spiInit          text2        07E2
__end_of_spiRead          text17       0FB9
__end_of_spiReceiveWait   text18       0FA1
__initialization          cinit        0013
__pbssBANK0               bssBANK0     0046
__pbssCOMMON              bssCOMMON    0075
__pcstackBANK0            cstackBANK0  0020
__pcstackCOMMON           cstackCOMMON 0070
__pintentry               intentry     0004
__pmaintext               maintext     0475
__pstrings                strings      056D
__ptext1                  text1        07A3
__ptext10                 text10       0FB9
__ptext11                 text11       06F4
__ptext12                 text12       0FE7
__ptext13                 text13       07E2
__ptext14                 text14       065D
__ptext15                 text15       05F4
__ptext16                 text16       06B8
__ptext17                 text17       0FB0
__ptext18                 text18       0F9A
__ptext2                  text2        07C4
__ptext3                  text3        0FA1
__ptext4                  text4        024E
__ptext5                  text5        0729
__ptext6                  text6        0024
__ptext7                  text7        0755
__ptext8                  text8        0780
__ptext9                  text9        0FD0
__size_of_Control         (abs)        0000
__size_of_FOTORESIS       (abs)        0000
__size_of_LCDvalue        (abs)        0000
__size_of_ON              (abs)        0000
__size_of_POTENCIOMETRO   (abs)        0000
__size_of_Tiempocontrol   (abs)        0000
__size_of___awdiv         (abs)        0000
__size_of___awmod         (abs)        0000
__size_of_clean           (abs)        0000
__size_of_delay_ms        (abs)        0000
__size_of_delay_us        (abs)        0000
__size_of_impresion       (abs)        0000
__size_of_isr             (abs)        0000
__size_of_lcddirection    (abs)        0000
__size_of_main            (abs)        0000
__size_of_setup           (abs)        0000
__size_of_spiInit         (abs)        0000
__size_of_spiRead         (abs)        0000
__size_of_spiReceiveWait  (abs)        0000
__stringbase              strings      0572
__stringtab               strings      056D
_a                        bssCOMMON    0077
_clean                    text3        0FA1
_delay_ms                 text11       06F4
_delay_us                 text13       07E2
_impresion                text8        0780
_isr                      text16       06B8
_lcddirection             text7        0755
_main                     maintext     0475
_setup                    text1        07A3
_spiInit                  text2        07C4
_spiRead                  text17       0FB0
_spiReceiveWait           text18       0F9A
btemp                     (abs)        007E
clear_ram0                clrtext      0FA8
delay_ms@dms              cstackBANK0  0020
delay_ms@i                cstackBANK0  0023
delay_ms@j                cstackBANK0  0025
delay_us@dus              cstackBANK0  0020
delay_us@i                cstackBANK0  0023
end_of_initialization     cinit        0020
impresion@valor           cstackBANK0  0027
interrupt_function        intentry     0004
intlevel0                 functab      0000
intlevel1                 functab      0000
intlevel2                 functab      0000
intlevel3                 functab      0000
intlevel4                 functab      0000
intlevel5                 functab      0000
lcddirection@posicion     cstackBANK0  002E
lcddirection@valor        cstackBANK0  002C
lcddirection@x            cstackBANK0  0028
lcddirection@y            cstackBANK0  002A
reset_vec                 reset_vec    0000
saved_w                   (abs)        007E
spiInit@sClockIdle        cstackBANK0  0021
spiInit@sDataSample       cstackBANK0  0020
spiInit@sTransmitEdge     cstackBANK0  0022
spiInit@sType             cstackBANK0  0023
start                     init         0010
start_initialization      cinit        0013
wtemp0                    (abs)        007E


FUNCTION INFORMATION:

 *************** function _main *****************
 Defined at:
		line 65 in file "main.c"
 Parameters:    Size  Location     Type
		None
 Auto vars:     Size  Location     Type
		None
 Return value:  Size  Location     Type
                  1    wreg      void 
 Registers used:
		wreg, fsr0l, fsr0h, status,2, status,0, btemp+1, pclath, cstack
 Tracked objects:
		On entry : 
		On exit  : 
		Unchanged: 
 Data sizes:     COMMON   BANK0   BANK1   BANK3   BANK2
      Params:         0       0       0       0       0
      Locals:         0       0       0       0       0
      Temps:          0       1       0       0       0
      Totals:         0       1       0       0       0
Total ram usage:        1 bytes
 Hardware stack levels required when called:    9
 This function calls:
		_FOTORESIS
		_LCDvalue
		_POTENCIOMETRO
		_clean
		_delay_ms
		_lcddirection
		_setup
 This function is called by:
		Startup code after reset
 This function uses a non-reentrant model


 *************** function _setup *****************
 Defined at:
		line 104 in file "main.c"
 Parameters:    Size  Location     Type
		None
 Auto vars:     Size  Location     Type
		None
 Return value:  Size  Location     Type
                  1    wreg      void 
 Registers used:
		wreg, status,2, status,0, pclath, cstack
 Tracked objects:
		On entry : 
		On exit  : 
		Unchanged: 
 Data sizes:     COMMON   BANK0   BANK1   BANK3   BANK2
      Params:         0       0       0       0       0
      Locals:         0       0       0       0       0
      Temps:          0       0       0       0       0
      Totals:         0       0       0       0       0
Total ram usage:        0 bytes
 Hardware stack levels used:    1
 Hardware stack levels required when called:    4
 This function calls:
		_spiInit
 This function is called by:
		_main
 This function uses a non-reentrant model


 *************** function _spiInit *****************
 Defined at:
		line 3 in file "SPI.c"
 Parameters:    Size  Location     Type
  sType           1    wreg     enum E1264
  sDataSample     1    0[BANK0 ] enum E1272
  sClockIdle      1    1[BANK0 ] enum E1276
  sTransmitEdg    1    2[BANK0 ] enum E1280
 Auto vars:     Size  Location     Type
  sType           1    3[BANK0 ] enum E1264
 Return value:  Size  Location     Type
                  1    wreg      void 
 Registers used:
		wreg, status,2, status,0
 Tracked objects:
		On entry : 
		On exit  : 
		Unchanged: 
 Data sizes:     COMMON   BANK0   BANK1   BANK3   BANK2
      Params:         0       3       0       0       0
      Locals:         0       1       0       0       0
      Temps:          0       0       0       0       0
      Totals:         0       4       0       0       0
Total ram usage:        4 bytes
 Hardware stack levels used:    1
 Hardware stack levels required when called:    3
 This function calls:
		Nothing
 This function is called by:
		_setup
 This function uses a non-reentrant model


 *************** function _clean *****************
 Defined at:
		line 257 in file "lcdlibrrie.c"
 Parameters:    Size  Location     Type
		None
 Auto vars:     Size  Location     Type
		None
 Return value:  Size  Location     Type
                  1    wreg      void 
 Registers used:
		wreg, status,2, status,0, btemp+1, pclath, cstack
 Tracked objects:
		On entry : 
		On exit  : 
		Unchanged: 
 Data sizes:     COMMON   BANK0   BANK1   BANK3   BANK2
      Params:         0       0       0       0       0
      Locals:         0       0       0       0       0
      Temps:          0       0       0       0       0
      Totals:         0       0       0       0       0
Total ram usage:        0 bytes
 Hardware stack levels used:    1
 Hardware stack levels required when called:    6
 This function calls:
		_Control
 This function is called by:
		_main
 This function uses a non-reentrant model


 *************** function _POTENCIOMETRO *****************
 Defined at:
		line 150 in file "lcdlibrrie.c"
 Parameters:    Size  Location     Type
  result          1    wreg     unsigned char 
 Auto vars:     Size  Location     Type
  result          1   32[BANK0 ] unsigned char 
  i               2   33[BANK0 ] int 
  numero          6   21[BANK0 ] int [3]
  coordenada      1   36[BANK0 ] unsigned char 
  valor           1   35[BANK0 ] unsigned char 
  centesimas      1   29[BANK0 ] unsigned char 
  decimas         1   28[BANK0 ] unsigned char 
  unidades        1   27[BANK0 ] unsigned char 
 Return value:  Size  Location     Type
                  1    wreg      void 
 Registers used:
		wreg, fsr0l, fsr0h, status,2, status,0, btemp+1, pclath, cstack
 Tracked objects:
		On entry : 
		On exit  : 
		Unchanged: 
 Data sizes:     COMMON   BANK0   BANK1   BANK3   BANK2
      Params:         0       0       0       0       0
      Locals:         0      16       0       0       0
      Temps:          0       5       0       0       0
      Totals:         0      21       0       0       0
Total ram usage:       21 bytes
 Hardware stack levels used:    1
 Hardware stack levels required when called:    8
 This function calls:
		___awdiv
		___awmod
		_lcddirection
 This function is called by:
		_main
 This function uses a non-reentrant model


 *************** function _LCDvalue *****************
 Defined at:
		line 51 in file "lcdlibrrie.c"
 Parameters:    Size  Location     Type
		None
 Auto vars:     Size  Location     Type
		None
 Return value:  Size  Location     Type
                  1    wreg      void 
 Registers used:
		wreg, status,2, status,0, btemp+1, pclath, cstack
 Tracked objects:
		On entry : 
		On exit  : 
		Unchanged: 
 Data sizes:     COMMON   BANK0   BANK1   BANK3   BANK2
      Params:         0       0       0       0       0
      Locals:         0       0       0       0       0
      Temps:          0       0       0       0       0
      Totals:         0       0       0       0       0
Total ram usage:        0 bytes
 Hardware stack levels used:    1
 Hardware stack levels required when called:    6
 This function calls:
		_Control
		_delay_ms
 This function is called by:
		_main
 This function uses a non-reentrant model


 *************** function _FOTORESIS *****************
 Defined at:
		line 204 in file "lcdlibrrie.c"
 Parameters:    Size  Location     Type
  result          1    wreg     unsigned char 
 Auto vars:     Size  Location     Type
  result          1   32[BANK0 ] unsigned char 
  i               2   33[BANK0 ] int 
  numero          6   21[BANK0 ] int [3]
  coordenada      1   36[BANK0 ] unsigned char 
  valor           1   35[BANK0 ] unsigned char 
  centesimas      1   29[BANK0 ] unsigned char 
  decimas         1   28[BANK0 ] unsigned char 
  unidades        1   27[BANK0 ] unsigned char 
 Return value:  Size  Location     Type
                  1    wreg      void 
 Registers used:
		wreg, fsr0l, fsr0h, status,2, status,0, btemp+1, pclath, cstack
 Tracked objects:
		On entry : 
		On exit  : 
		Unchanged: 
 Data sizes:     COMMON   BANK0   BANK1   BANK3   BANK2
      Params:         0       0       0       0       0
      Locals:         0      16       0       0       0
      Temps:          0       5       0       0       0
      Totals:         0      21       0       0       0
Total ram usage:       21 bytes
 Hardware stack levels used:    1
 Hardware stack levels required when called:    8
 This function calls:
		___awdiv
		___awmod
		_lcddirection
 This function is called by:
		_main
 This function uses a non-reentrant model


 *************** function _lcddirection *****************
 Defined at:
		line 73 in file "lcdlibrrie.c"
 Parameters:    Size  Location     Type
  x               2    8[BANK0 ] int 
  y               2   10[BANK0 ] int 
  valor           1   12[BANK0 ] PTR unsigned char 
		 -> STR_43(2), STR_42(2), STR_41(2), STR_40(2), 
		 -> STR_39(2), STR_38(2), STR_37(2), STR_36(2), 
		 -> STR_35(2), STR_34(2), STR_33(2), STR_32(2), 
		 -> STR_31(2), STR_30(2), STR_29(2), STR_28(2), 
		 -> STR_27(2), STR_26(2), STR_25(2), STR_24(2), 
		 -> STR_23(3), STR_22(3), STR_21(3), STR_20(3), 
		 -> STR_19(3), STR_18(3), STR_17(3), STR_16(3), 
		 -> STR_15(3), STR_14(3), STR_13(3), STR_12(3), 
		 -> STR_11(3), STR_10(3), STR_9(3), STR_8(3), 
		 -> STR_7(3), STR_6(17), STR_5(17), STR_4(6), 
		 -> STR_3(16), STR_2(6), STR_1(16), 
 Auto vars:     Size  Location     Type
  posicion        1   14[BANK0 ] unsigned char 
 Return value:  Size  Location     Type
                  1    wreg      void 
 Registers used:
		wreg, fsr0l, fsr0h, status,2, status,0, btemp+1, pclath, cstack
 Tracked objects:
		On entry : 
		On exit  : 
		Unchanged: 
 Data sizes:     COMMON   BANK0   BANK1   BANK3   BANK2
      Params:         0       5       0       0       0
      Locals:         0       1       0       0       0
      Temps:          0       1       0       0       0
      Totals:         0       7       0       0       0
Total ram usage:        7 bytes
 Hardware stack levels used:    1
 Hardware stack levels required when called:    7
 This function calls:
		_Control
		_impresion
 This function is called by:
		_main
		_POTENCIOMETRO
		_FOTORESIS
		_LCDCONT
 This function uses a non-reentrant model


 *************** function _impresion *****************
 Defined at:
		line 66 in file "lcdlibrrie.c"
 Parameters:    Size  Location     Type
  valor           1    wreg     PTR unsigned char 
		 -> STR_43(2), STR_42(2), STR_41(2), STR_40(2), 
		 -> STR_39(2), STR_38(2), STR_37(2), STR_36(2), 
		 -> STR_35(2), STR_34(2), STR_33(2), STR_32(2), 
		 -> STR_31(2), STR_30(2), STR_29(2), STR_28(2), 
		 -> STR_27(2), STR_26(2), STR_25(2), STR_24(2), 
		 -> STR_23(3), STR_22(3), STR_21(3), STR_20(3), 
		 -> STR_19(3), STR_18(3), STR_17(3), STR_16(3), 
		 -> STR_15(3), STR_14(3), STR_13(3), STR_12(3), 
		 -> STR_11(3), STR_10(3), STR_9(3), STR_8(3), 
		 -> STR_7(3), STR_6(17), STR_5(17), STR_4(6), 
		 -> STR_3(16), STR_2(6), STR_1(16), 
 Auto vars:     Size  Location     Type
  valor           1    7[BANK0 ] PTR unsigned char 
		 -> STR_43(2), STR_42(2), STR_41(2), STR_40(2), 
		 -> STR_39(2), STR_38(2), STR_37(2), STR_36(2), 
		 -> STR_35(2), STR_34(2), STR_33(2), STR_32(2), 
		 -> STR_31(2), STR_30(2), STR_29(2), STR_28(2), 
		 -> STR_27(2), STR_26(2), STR_25(2), STR_24(2), 
		 -> STR_23(3), STR_22(3), STR_21(3), STR_20(3), 
		 -> STR_19(3), STR_18(3), STR_17(3), STR_16(3), 
		 -> STR_15(3), STR_14(3), STR_13(3), STR_12(3), 
		 -> STR_11(3), STR_10(3), STR_9(3), STR_8(3), 
		 -> STR_7(3), STR_6(17), STR_5(17), STR_4(6), 
		 -> STR_3(16), STR_2(6), STR_1(16), 
 Return value:  Size  Location     Type
                  1    wreg      void 
 Registers used:
		wreg, fsr0l, fsr0h, status,2, status,0, pclath, cstack
 Tracked objects:
		On entry : 
		On exit  : 
		Unchanged: 
 Data sizes:     COMMON   BANK0   BANK1   BANK3   BANK2
      Params:         0       0       0       0       0
      Locals:         0       1       0       0       0
      Temps:          0       1       0       0       0
      Totals:         0       2       0       0       0
Total ram usage:        2 bytes
 Hardware stack levels used:    1
 Hardware stack levels required when called:    6
 This function calls:
		_ON
 This function is called by:
		_lcddirection
 This function uses a non-reentrant model


 *************** function _ON *****************
 Defined at:
		line 44 in file "lcdlibrrie.c"
 Parameters:    Size  Location     Type
  valor1          1    wreg     unsigned char 
 Auto vars:     Size  Location     Type
  valor1          1    5[BANK0 ] unsigned char 
 Return value:  Size  Location     Type
                  1    wreg      void 
 Registers used:
		wreg, status,2, status,0, pclath, cstack
 Tracked objects:
		On entry : 
		On exit  : 
		Unchanged: 
 Data sizes:     COMMON   BANK0   BANK1   BANK3   BANK2
      Params:         0       0       0       0       0
      Locals:         0       1       0       0       0
      Temps:          0       0       0       0       0
      Totals:         0       1       0       0       0
Total ram usage:        1 bytes
 Hardware stack levels used:    1
 Hardware stack levels required when called:    5
 This function calls:
		_Tiempocontrol
		_delay_us
 This function is called by:
		_impresion
 This function uses a non-reentrant model


 *************** function _Control *****************
 Defined at:
		line 37 in file "lcdlibrrie.c"
 Parameters:    Size  Location     Type
  valor           1    wreg     unsigned char 
 Auto vars:     Size  Location     Type
  valor           1    7[BANK0 ] unsigned char 
 Return value:  Size  Location     Type
                  1    wreg      void 
 Registers used:
		wreg, status,2, status,0, btemp+1, pclath, cstack
 Tracked objects:
		On entry : 
		On exit  : 
		Unchanged: 
 Data sizes:     COMMON   BANK0   BANK1   BANK3   BANK2
      Params:         0       0       0       0       0
      Locals:         0       1       0       0       0
      Temps:          0       0       0       0       0
      Totals:         0       1       0       0       0
Total ram usage:        1 bytes
 Hardware stack levels used:    1
 Hardware stack levels required when called:    5
 This function calls:
		_Tiempocontrol
		_delay_ms
 This function is called by:
		_LCDvalue
		_lcddirection
		_clean
 This function uses a non-reentrant model


 *************** function _delay_ms *****************
 Defined at:
		line 19 in file "lcdlibrrie.c"
 Parameters:    Size  Location     Type
  dms             2    0[BANK0 ] int 
 Auto vars:     Size  Location     Type
  j               2    5[BANK0 ] int 
  i               2    3[BANK0 ] int 
 Return value:  Size  Location     Type
                  1    wreg      void 
 Registers used:
		wreg, status,2, btemp+1
 Tracked objects:
		On entry : 
		On exit  : 
		Unchanged: 
 Data sizes:     COMMON   BANK0   BANK1   BANK3   BANK2
      Params:         0       2       0       0       0
      Locals:         0       4       0       0       0
      Temps:          0       1       0       0       0
      Totals:         0       7       0       0       0
Total ram usage:        7 bytes
 Hardware stack levels used:    1
 Hardware stack levels required when called:    3
 This function calls:
		Nothing
 This function is called by:
		_main
		_Control
		_LCDvalue
 This function uses a non-reentrant model


 *************** function _Tiempocontrol *****************
 Defined at:
		line 30 in file "lcdlibrrie.c"
 Parameters:    Size  Location     Type
		None
 Auto vars:     Size  Location     Type
		None
 Return value:  Size  Location     Type
                  1    wreg      void 
 Registers used:
		wreg, status,2, status,0, pclath, cstack
 Tracked objects:
		On entry : 
		On exit  : 
		Unchanged: 
 Data sizes:     COMMON   BANK0   BANK1   BANK3   BANK2
      Params:         0       0       0       0       0
      Locals:         0       0       0       0       0
      Temps:          0       0       0       0       0
      Totals:         0       0       0       0       0
Total ram usage:        0 bytes
 Hardware stack levels used:    1
 Hardware stack levels required when called:    4
 This function calls:
		_delay_us
 This function is called by:
		_Control
		_ON
 This function uses a non-reentrant model


 *************** function _delay_us *****************
 Defined at:
		line 25 in file "lcdlibrrie.c"
 Parameters:    Size  Location     Type
  dus             2    0[BANK0 ] int 
 Auto vars:     Size  Location     Type
  i               2    3[BANK0 ] int 
 Return value:  Size  Location     Type
                  1    wreg      void 
 Registers used:
		wreg, status,2
 Tracked objects:
		On entry : 
		On exit  : 
		Unchanged: 
 Data sizes:     COMMON   BANK0   BANK1   BANK3   BANK2
      Params:         0       2       0       0       0
      Locals:         0       2       0       0       0
      Temps:          0       1       0       0       0
      Totals:         0       5       0       0       0
Total ram usage:        5 bytes
 Hardware stack levels used:    1
 Hardware stack levels required when called:    3
 This function calls:
		Nothing
 This function is called by:
		_Tiempocontrol
		_ON
 This function uses a non-reentrant model


 *************** function ___awmod *****************
 Defined at:
		line 5 in file "C:\Program Files (x86)\Microchip\xc8\v2.10\pic\sources\c90\common\awmod.c"
 Parameters:    Size  Location     Type
  divisor         2    0[BANK0 ] int 
  dividend        2    2[BANK0 ] int 
 Auto vars:     Size  Location     Type
  sign            1    6[BANK0 ] unsigned char 
  counter         1    5[BANK0 ] unsigned char 
 Return value:  Size  Location     Type
                  2    0[BANK0 ] int 
 Registers used:
		wreg, status,2, status,0
 Tracked objects:
		On entry : 
		On exit  : 
		Unchanged: 
 Data sizes:     COMMON   BANK0   BANK1   BANK3   BANK2
      Params:         0       4       0       0       0
      Locals:         0       2       0       0       0
      Temps:          0       1       0       0       0
      Totals:         0       7       0       0       0
Total ram usage:        7 bytes
 Hardware stack levels used:    1
 Hardware stack levels required when called:    3
 This function calls:
		Nothing
 This function is called by:
		_POTENCIOMETRO
		_FOTORESIS
 This function uses a non-reentrant model


 *************** function ___awdiv *****************
 Defined at:
		line 5 in file "C:\Program Files (x86)\Microchip\xc8\v2.10\pic\sources\c90\common\awdiv.c"
 Parameters:    Size  Location     Type
  divisor         2    7[BANK0 ] int 
  dividend        2    9[BANK0 ] int 
 Auto vars:     Size  Location     Type
  quotient        2   14[BANK0 ] int 
  sign            1   13[BANK0 ] unsigned char 
  counter         1   12[BANK0 ] unsigned char 
 Return value:  Size  Location     Type
                  2    7[BANK0 ] int 
 Registers used:
		wreg, status,2, status,0
 Tracked objects:
		On entry : 
		On exit  : 
		Unchanged: 
 Data sizes:     COMMON   BANK0   BANK1   BANK3   BANK2
      Params:         0       4       0       0       0
      Locals:         0       4       0       0       0
      Temps:          0       1       0       0       0
      Totals:         0       9       0       0       0
Total ram usage:        9 bytes
 Hardware stack levels used:    1
 Hardware stack levels required when called:    3
 This function calls:
		Nothing
 This function is called by:
		_POTENCIOMETRO
		_FOTORESIS
 This function uses a non-reentrant model


 *************** function _isr *****************
 Defined at:
		line 45 in file "main.c"
 Parameters:    Size  Location     Type
		None
 Auto vars:     Size  Location     Type
		None
 Return value:  Size  Location     Type
                  1    wreg      void 
 Registers used:
		wreg, status,2, status,0, btemp+1, pclath, cstack
 Tracked objects:
		On entry : 
		On exit  : 
		Unchanged: 
 Data sizes:     COMMON   BANK0   BANK1   BANK3   BANK2
      Params:         0       0       0       0       0
      Locals:         0       0       0       0       0
      Temps:          5       0       0       0       0
      Totals:         5       0       0       0       0
Total ram usage:        5 bytes
 Hardware stack levels used:    1
 Hardware stack levels required when called:    2
 This function calls:
		_spiRead
 This function is called by:
		Interrupt level 1
 This function uses a non-reentrant model


 *************** function _spiRead *****************
 Defined at:
		line 38 in file "SPI.c"
 Parameters:    Size  Location     Type
		None
 Auto vars:     Size  Location     Type
		None
 Return value:  Size  Location     Type
                  1    wreg      unsigned char 
 Registers used:
		wreg, status,2, status,0, pclath, cstack
 Tracked objects:
		On entry : 
		On exit  : 
		Unchanged: 
 Data sizes:     COMMON   BANK0   BANK1   BANK3   BANK2
      Params:         0       0       0       0       0
      Locals:         0       0       0       0       0
      Temps:          0       0       0       0       0
      Totals:         0       0       0       0       0
Total ram usage:        0 bytes
 Hardware stack levels used:    1
 Hardware stack levels required when called:    1
 This function calls:
		_spiReceiveWait
 This function is called by:
		_isr
 This function uses a non-reentrant model


 *************** function _spiReceiveWait *****************
 Defined at:
		line 20 in file "SPI.c"
 Parameters:    Size  Location     Type
		None
 Auto vars:     Size  Location     Type
		None
 Return value:  Size  Location     Type
                  1    wreg      void 
 Registers used:
		None
 Tracked objects:
		On entry : 
		On exit  : 
		Unchanged: 
 Data sizes:     COMMON   BANK0   BANK1   BANK3   BANK2
      Params:         0       0       0       0       0
      Locals:         0       0       0       0       0
      Temps:          0       0       0       0       0
      Totals:         0       0       0       0       0
Total ram usage:        0 bytes
 Hardware stack levels used:    1
 This function calls:
		Nothing
 This function is called by:
		_spiRead
 This function uses a non-reentrant model



MODULE INFORMATION

Module		Function		Class		Link	Load	Size
C:\Program Files (x86)\Microchip\xc8\v2.10\pic\sources\c90\common\awdiv.c
		___awdiv       		CODE           	05F4	0000	106

C:\Program Files (x86)\Microchip\xc8\v2.10\pic\sources\c90\common\awdiv.c estimated size: 106

lcdlibrrie.c
		_clean         		CODE           	0FA1	0000	8
		_lcddirection  		CODE           	0755	0000	44
		_delay_us      		CODE           	07E2	0000	29
		_impresion     		CODE           	0780	0000	36
		_ON            		CODE           	0FD0	0000	24
		_Tiempocontrol 		CODE           	0FE7	0000	26
		_LCDvalue      		CODE           	0729	0000	45
		_delay_ms      		CODE           	06F4	0000	54
		_FOTORESIS     		CODE           	0024	0000	555
		_POTENCIOMETRO 		CODE           	024E	0000	552
		_Control       		CODE           	0FB9	0000	24

lcdlibrrie.c estimated size: 1397

shared
		__stringtab    		STRING         	056D	0000	7
		__initialization		CODE           	0013	0000	14

shared estimated size: 21

C:\Program Files (x86)\Microchip\xc8\v2.10\pic\sources\c90\common\awmod.c
		___awmod       		CODE           	065D	0000	92

C:\Program Files (x86)\Microchip\xc8\v2.10\pic\sources\c90\common\awmod.c estimated size: 92

SPI.c
		_spiInit       		CODE           	07C4	0000	31
		_spiReceiveWait		CODE           	0F9A	0000	8
		_spiRead       		CODE           	0FB0	0000	10

SPI.c estimated size: 49

main.c
		_main          		CODE           	0475	0000	249
		_isr           		CODE           	06B8	0000	61
		_setup         		CODE           	07A3	0000	34

main.c estimated size: 344

